// Vitest Snapshot v1, https://vitest.dev/guide/snapshot.html

exports[`export > should work 1`] = `
[
  "TinyColor",
  "names",
  "readability",
  "isReadable",
  "mostReadable",
  "toMsFilter",
  "fromRatio",
  "legacyRandom",
  "inputToRGB",
  "stringInputToObject",
  "isValidCSSUnit",
  "random",
  "bounds",
  "rgbToRgb",
  "rgbToHsl",
  "hslToRgb",
  "rgbToHsv",
  "hsvToRgb",
  "rgbToHex",
  "rgbaToHex",
  "rgbaToArgbHex",
  "cmykToRgb",
  "rgbToCmyk",
  "convertDecimalToHex",
  "convertHexToDecimal",
  "parseIntFromHex",
  "numberInputToObject",
  "Color",
  "default",
]
`;
